// Jest Snapshot v1, https://goo.gl/fbAQLP

exports[`(Component) FooterForgotPasswordForm should render conrectly 1`] = `
<div
  className="text-center css-zo3d3e"
>
  <svg
    className={
      Object {
        "data-css-1lz3n2r": "",
      }
    }
    height="22"
    width="36"
    xmlns="http://www.w3.org/2000/svg"
  >
    <path
      d="M8.993 17.921a.964.964 0 0 0 1.34 0 .887.887 0 0 0 0-1.277L3.538 10.1H25.96c.523-.001.938-.401.938-.904a.925.925 0 0 0-.938-.916H3.538l6.795-6.531a.903.903 0 0 0 0-1.291.964.964 0 0 0-1.34 0L.59 8.55a.867.867 0 0 0 0 1.278l8.403 8.093z"
      fill="#606060"
      fillRule="evenodd"
    />
  </svg>
  <button
    className={
      Object {
        "data-css-kw9tnt": "",
      }
    }
    onClick={[Function]}
  >
    login
  </button>
</div>
`;
