// Jest Snapshot v1, https://goo.gl/fbAQLP

exports[`(Component) SearchBar should render conrectly 1`] = `null`;
