// Jest Snapshot v1, https://goo.gl/fbAQLP

exports[`(Component) SearchResultComponents should render conrectly 1`] = `
<div
  className="css-w7lyt2"
/>
`;
