// Jest Snapshot v1, https://goo.gl/fbAQLP

exports[`(Component) ResultGridView should render conrectly 1`] = `
<div
  className="css-1ev63on"
>
  <div
    className="css-sys5hh"
  >
    <div
      className=""
    >
      <a
        href="#"
        onClick={[Function]}
      >
        <div
          className="css-1tje8z2"
        >
          <div
            className="css-8hyc67 TOP"
          >
            <span>
              TOP
            </span>
          </div>
          <img
            alt="property preview"
            className="css-q0dica"
            src="http://www.muabannhadat.vn//uploads/images/005/663/592/hY-y969gzUyLyAIGAvxdRQ_853.jpg"
          />
        </div>
      </a>
    </div>
    <div
      className="css-14nog7q"
    >
      <div
        className="css-1lvgvmv"
      >
        <a
          href="#"
          onClick={[Function]}
        >
          <h5>
            Chung Cư Tây Hồ RiverView 
          </h5>
        </a>
      </div>
      <div
        className="css-55lfxt"
      >
        <svg
          className="css-5bzwsl css-ks1bte"
          viewBox="0 0 512 512"
          xmlns="http://www.w3.org/2000/svg"
        >
          <g
            fill="#686868"
          >
            <path
              d="M255.5 111.5c-35.2 0-63.8 28.6-63.8 63.8 0 35.2 28.6 63.8 63.8 63.8 35.1 0 63.8-28.6 63.8-63.8 0-35.2-28.6-63.8-63.8-63.8zm0 109.3c-25.1 0-45.6-20.4-45.6-45.6 0-25.1 20.4-45.6 45.6-45.6 25.1 0 45.6 20.5 45.6 45.6 0 25.2-20.5 45.6-45.6 45.6zm0 0"
            />
            <path
              d="M377.5 53.3c-33-33-76.9-51.2-123.5-51.2-46.7 0-90.6 18.2-123.6 51.2-61 61.1-68.6 175.9-16.4 245.6L254 501l139.7-201.9c52.4-69.8 44.8-184.7-16.2-245.8zm1.4 235.2L253.9 469 128.7 288.3c-47.3-63.2-40.6-166.9 14.5-222 29.6-29.5 68.9-45.8 110.7-45.8S335 36.8 364.5 66.3c55.2 55.1 62 158.8 14.4 222.2zm0 0"
            />
          </g>
        </svg>
        <div
          className="css-trw8k4"
        >
          <div />
        </div>
      </div>
      <div
        className="css-22v3jh"
      >
        <div
          className="undefined css-15217ti"
        >
          <svg
            className="css-5bzwsl css-1xvgbtv"
            viewBox="0 0 512 512"
            xmlns="http://www.w3.org/2000/svg"
          >
            <path
              d="M512 129.3V-.4H382.2v56.9H129.3V-.4H-.4v129.7h56.9v252.9H-.4V512h129.7v-56.9h252.9V512H512V382.2h-56.9V129.3H512zM398.1 15.5h98v97.9h-98V15.5zM15.5 113.4V15.5h97.9v98l-97.9-.1zm98 382.7h-98v-98h98v98zm382.6-98v98h-98v-98h98zm-56.9-15.9h-56.9v56.9h-253v-56.9H72.4V129.3h56.9V72.4h252.9v56.9h56.9v252.9zm0 0"
              fill="#686868"
            />
          </svg>
          <span>
            189
             m
            <sup>
              2
            </sup>
          </span>
        </div>
        <div
          className="undefined css-15217ti"
        >
          <svg
            className="css-5bzwsl css-1xvgbtv"
            id="Layer_1"
            viewBox="0 0 512 321.2"
            xmlns="http://www.w3.org/2000/svg"
          >
            <style>
              .st0
              {
              fill:#686868
              }
            </style>
            <path
              className="st0"
              d="M505.3 321.2h-38.2c-3.7 0-6.7-3-6.7-6.7v-49.2H54.7v49.2c0 3.7-3 6.7-6.7 6.7H6.7c-3.7 0-6.7-3-6.7-6.7V6.7C0 3 3 0 6.7 0H48c3.7 0 6.7 3 6.7 6.7v91.5c4.9-3.4 10.9-5.4 17.3-5.4h82.7c16.9 0 30.7 13.8 30.7 30.7v8.9c0 6.4-2 12.4-5.4 17.4h280.4V88.9c0-3.7 3-6.7 6.7-6.7h38.2c3.7 0 6.7 3 6.7 6.7v225.6c0 3.7-3 6.7-6.7 6.7zm-31.5-13.3h24.9V95.6h-24.9v212.3zm-460.5 0h28V13.3h-28v294.6zM54.7 252h405.8v-23.6H54.7V252zm0-36.9h405.8v-52H54.7v52zM72 149.7h82.7c9.6 0 17.3-7.8 17.3-17.3v-8.9c0-9.6-7.8-17.3-17.3-17.3H72c-9.6 0-17.3 7.8-17.3 17.3v8.9c0 9.5 7.8 17.3 17.3 17.3z"
            />
          </svg>
          <span>
            4
          </span>
        </div>
        <div
          className="undefined css-15217ti"
        >
          <svg
            className="css-5bzwsl css-1xvgbtv"
            viewBox="-49 141 512 512"
            xmlns="http://www.w3.org/2000/svg"
          >
            <path
              d="M437.4 386.6H-23.4c-14.5 0-25.6-11.1-25.6-25.6 0-14.5 11.1-25.6 25.6-25.6h460.8c14.5 0 25.6 11.1 25.6 25.6 0 14.5-11.1 25.6-25.6 25.6zm-460.8-34.2c-5.1 0-8.5 3.4-8.5 8.5s3.4 8.5 8.5 8.5h460.8c5.1 0 8.5-3.4 8.5-8.5s-3.4-8.5-8.5-8.5H-23.4z"
              fill="#686868"
            />
            <path
              d="M346.1 523.1H67.9c-27.3 0-51.2-18.8-58-45.2l-24.7-98.1c-.9-2.6 0-5.1 1.7-7.7 1.7-1.7 4.3-2.6 6.8-2.6h426.7c2.6 0 5.1.9 6.8 3.4 1.7 1.7 2.6 5.1 1.7 7.7l-24.7 98.1c-6.9 25.6-30.8 44.4-58.1 44.4zM4.8 386.6l22.2 87c5.1 18.8 22.2 32.4 41.8 32.4H347c19.6 0 36.7-13.7 41.8-32.4l20.5-87H4.8z"
              fill="#686868"
            />
            <path
              d="M70.5 557.2c-.9 0-2.6 0-3.4-.9-4.3-1.7-6-6.8-3.4-11.1l17.1-34.1c1.7-4.3 6.8-6 11.1-3.4 4.3 1.7 6 6.8 3.4 11.1L78.1 553c-1.7 2.5-4.2 4.2-7.6 4.2zM352.1 557.2c-3.4 0-6-1.7-7.7-5.1L327.3 518c-1.7-4.3 0-9.4 3.4-11.1 4.3-1.7 9.4 0 11.1 3.4l17.1 34.1c1.7 4.3 0 9.4-3.4 11.1-.9 1.7-1.7 1.7-3.4 1.7zM428.9 336.5h-17.1V211.1c0-30.4-26.5-54.6-59.7-54.6-35 0-51.2 27.3-51.2 54.6h-17.1c0-41.3 28.2-70.1 68.3-70.1 42.7 0 76.8 31.2 76.8 70.1v125.4zM258.2 283.2c-5.1 0-8.5-3.1-8.5-7.8v-3.9c0-4.7 3.4-7.8 8.5-7.8s8.5 3.1 8.5 7.8v3.9c0 4.7-3.4 7.8-8.5 7.8zM258.2 319c-5.1 0-8.5-3.1-8.5-7.8v-8.6c0-4.7 3.4-7.8 8.5-7.8s8.5 3.1 8.5 7.8v8.6c0 3.9-3.4 7.8-8.5 7.8zM292.3 283.2c-5.1 0-8.5-3.1-8.5-7.8v-3.9c0-4.7 3.4-7.8 8.5-7.8s8.5 3.1 8.5 7.8v3.9c.1 4.7-3.3 7.8-8.5 7.8zM292.3 319c-5.1 0-8.5-3.1-8.5-7.8v-8.6c0-4.7 3.4-7.8 8.5-7.8s8.5 3.1 8.5 7.8v8.6c.1 3.9-3.3 7.8-8.5 7.8zM326.5 283.2c-5.1 0-8.5-3.1-8.5-7.8v-3.9c0-4.7 3.4-7.8 8.5-7.8s8.5 3.1 8.5 7.8v3.9c0 4.7-3.4 7.8-8.5 7.8zM326.5 319c-5.1 0-8.5-3.1-8.5-7.8v-8.6c0-4.7 3.4-7.8 8.5-7.8s8.5 3.1 8.5 7.8v8.6c0 3.9-3.4 7.8-8.5 7.8z"
              fill="#686868"
            />
            <path
              d="M326.5 248.1h-68.3c-5.1 0-8.5-3.1-8.5-7.8 0-21.8 18.8-39 42.7-39 23.9 0 42.7 17.1 42.7 39-.1 4.7-3.5 7.8-8.6 7.8zm-58.1-15.6H317c-3.4-9.4-12.8-15.6-23.9-15.6s-21.2 6.3-24.7 15.6z"
              fill="#686868"
            />
          </svg>
          <span>
            3
          </span>
        </div>
        <div
          className="css-xjkror"
        >
          
        </div>
      </div>
    </div>
    <div
      className="css-3pm5qz text-center"
    >
      <div
        className="css-1bbep3m"
      >
        <svg
          className="undefined"
          height="15"
          viewBox="0 0 15 15"
          width="15"
          xmlns="http://www.w3.org/2000/svg"
        >
          <path
            d="M10.768.183A4.162 4.162 0 0 0 7.5 1.791 4.157 4.157 0 0 0 4.233.183C1.92.183.036 2.119.036 4.497c0 1.868 1.087 4.032 3.228 6.433 1.651 1.848 3.448 3.28 3.959 3.676l.277.21.277-.213c.511-.395 2.309-1.826 3.958-3.676 2.144-2.398 3.229-4.563 3.229-6.432 0-2.377-1.883-4.312-4.196-4.312z"
            fill="#F86960"
          />
        </svg>
        <a
          href="#"
          onClick={[Function]}
        >
          
        </a>
      </div>
    </div>
  </div>
</div>
`;
